
━━━━━━━━━━━━━━━━━━━━━━━━━━━━━━━━━━━━━━━━━━━━━━━━━━━━━━━━
SESSION START: 2026-03-23 11:58:50
━━━━━━━━━━━━━━━━━━━━━━━━━━━━━━━━━━━━━━━━━━━━━━━━━━━━━━━━
financedb  | 2026-03-23 15:59:08+00:00 [Note] [Entrypoint]: Entrypoint script for MySQL Server 8.4.8-1.el9 started.
financedb  | 2026-03-23 15:59:08+00:00 [Note] [Entrypoint]: Switching to dedicated user 'mysql'
financedb  | 2026-03-23 15:59:08+00:00 [Note] [Entrypoint]: Entrypoint script for MySQL Server 8.4.8-1.el9 started.
financedb  | '/var/lib/mysql/mysql.sock' -> '/var/run/mysqld/mysqld.sock'
financedb  | 2026-03-23T15:59:08.921535Z 0 [System] [MY-015015] [Server] MySQL Server - start.
financedb  | 2026-03-23T15:59:09.087403Z 0 [System] [MY-010116] [Server] /usr/sbin/mysqld (mysqld 8.4.8) starting as process 1
financedb  | 2026-03-23T15:59:09.095008Z 1 [System] [MY-013576] [InnoDB] InnoDB initialization has started.
financedb  | 2026-03-23T15:59:09.172892Z 1 [System] [MY-013577] [InnoDB] InnoDB initialization has ended.
financedb  | 2026-03-23T15:59:09.315655Z 0 [Warning] [MY-010068] [Server] CA certificate ca.pem is self signed.
financedb  | 2026-03-23T15:59:09.315681Z 0 [System] [MY-013602] [Server] Channel mysql_main configured to support TLS. Encrypted connections are now supported for this channel.
financedb  | 2026-03-23T15:59:09.317110Z 0 [Warning] [MY-011810] [Server] Insecure configuration for --pid-file: Location '/var/run/mysqld' in the path is accessible to all OS users. Consider choosing a different directory.
financedb  | 2026-03-23T15:59:09.329676Z 0 [System] [MY-011323] [Server] X Plugin ready for connections. Bind-address: '::' port: 33060, socket: /var/run/mysqld/mysqlx.sock
financedb  | 2026-03-23T15:59:09.329702Z 0 [System] [MY-010931] [Server] /usr/sbin/mysqld: ready for connections. Version: '8.4.8'  socket: '/var/run/mysqld/mysqld.sock'  port: 3306  MySQL Community Server - GPL.
backend    | 
backend    |   .   ____          _            __ _ _
backend    |  /\\ / ___'_ __ _ _(_)_ __  __ _ \ \ \ \
backend    | ( ( )\___ | '_ | '_| | '_ \/ _` | \ \ \ \
backend    |  \\/  ___)| |_)| | | | | || (_| |  ) ) ) )
backend    |   '  |____| .__|_| |_|_| |_\__, | / / / /
backend    |  =========|_|==============|___/=/_/_/_/
backend    | 
backend    |  :: Spring Boot ::                (v4.0.3)
backend    | 
frontend   | 
frontend   | Warning: This is a simple server for use in testing or debugging Angular applications
frontend   | locally. It hasn't been reviewed for security issues.
frontend   | 
frontend   | Binding this server to an open connection can result in compromising your application or
frontend   | computer. Using a different host than the one passed to the "--host" flag might result in
frontend   | websocket connection issues.
frontend   |     
frontend   | ❯ Building...
frontend   | ✔ Building...
frontend   | Initial chunk files | Names         |  Raw size
frontend   | main.js             | main          | 505.11 kB | 
frontend   | styles.css          | styles        | 496.33 kB | 
frontend   | scripts.js          | scripts       | 107.73 kB | 
frontend   | chunk-HFPSWFMW.js   | -             |  67.32 kB | 
frontend   | 
frontend   |                     | Initial total |   1.18 MB
frontend   | 
frontend   | Lazy chunk files    | Names         |  Raw size
frontend   | chunk-RH4UDSRM.js   | stock-page    |  20.72 kB | 
frontend   | 
frontend   | Application bundle generation complete. [3.832 seconds] - 2026-03-23T15:59:24.107Z
frontend   | 
frontend   | Watch mode enabled. Watching for file changes...
frontend   | NOTE: Raw file sizes do not reflect development server per-request transformations.
frontend   | 3:59:24 PM [vite] (client) Re-optimizing dependencies because vite config has changed
frontend   |   ➜  Local:   http://localhost:4200/
frontend   |   ➜  Network: http://172.18.0.4:4200/
backend    | Database already contains data. Skipping seeding.
frontend   | npm error path /app
frontend   | npm error command failed
frontend   | npm error signal SIGTERM
frontend   | npm error command sh -c ng serve --host=0.0.0.0
frontend   | npm error A complete log of this run can be found in: /root/.npm/_logs/2026-03-23T15_59_19_518Z-debug-0.log
[Kfrontend exited with code 1
[Kbackend exited with code 143
financedb  | 2026-03-23T16:05:46.853735Z 0 [System] [MY-013172] [Server] Received SHUTDOWN from user <via user signal>. Shutting down mysqld (Version: 8.4.8).
financedb  | 2026-03-23T16:05:48.019465Z 0 [System] [MY-010910] [Server] /usr/sbin/mysqld: Shutdown complete (mysqld 8.4.8)  MySQL Community Server - GPL.
financedb  | 2026-03-23T16:05:48.019488Z 0 [System] [MY-015016] [Server] MySQL Server - end.
[Kfinancedb exited with code 0
