2026-03-23 11:58:50 — prod.sh started
11:59:00 Cloudflare URL: https://flying-mouth-static-controlling.trycloudflare.com
11:59:19 All services started
12:05:45 Shutdown initiated
12:05:48 Shutdown complete
2026-03-23 12:22:40 — prod.sh started
12:22:43 Cloudflare URL: https://flying-mouth-static-controlling.trycloudflare.com
12:22:57 All services started
12:25:01 Shutdown initiated
12:25:03 Shutdown complete
2026-03-23 12:25:05 — prod.sh started
12:25:07 Cloudflare URL: https://anniversary-sharp-adaptation-documentation.trycloudflare.com
12:25:24 All services started
12:27:26 Shutdown initiated
12:27:29 Shutdown complete
2026-03-23 12:27:34 — prod.sh started
12:27:39 Cloudflare URL: https://represent-exit-orientation-exceed.trycloudflare.com
12:27:57 All services started
12:31:25 Shutdown initiated
12:31:28 Shutdown complete
2026-03-23 12:31:55 — prod.sh started
12:32:01 Cloudflare URL: https://persons-basis-convertible-flyer.trycloudflare.com
12:32:18 All services started
12:36:29 Shutdown initiated
12:36:32 Shutdown complete
2026-03-23 12:36:33 — prod.sh started
12:36:39 Cloudflare URL: https://eugene-tramadol-nat-syntax.trycloudflare.com
12:37:00 All services started
12:38:10 Shutdown initiated
12:38:12 Shutdown complete
2026-03-23 12:42:12 — prod.sh started
12:42:12 Cloudflare URL: https://trio-pics-cottages-birth.trycloudflare.com
12:42:27 All services started
12:46:09 Shutdown initiated
12:46:12 Shutdown complete
