
━━━━━━━━━━━━━━━━━━━━━━━━━━━━━━━━━━━━━━━━━━━━━━━━━━━━━━━━
SESSION START: 2026-03-23 11:58:50
━━━━━━━━━━━━━━━━━━━━━━━━━━━━━━━━━━━━━━━━━━━━━━━━━━━━━━━━
financedb  | 2026-03-23 15:59:08+00:00 [Note] [Entrypoint]: Entrypoint script for MySQL Server 8.4.8-1.el9 started.
financedb  | 2026-03-23 15:59:08+00:00 [Note] [Entrypoint]: Switching to dedicated user 'mysql'
financedb  | 2026-03-23 15:59:08+00:00 [Note] [Entrypoint]: Entrypoint script for MySQL Server 8.4.8-1.el9 started.
financedb  | '/var/lib/mysql/mysql.sock' -> '/var/run/mysqld/mysqld.sock'
financedb  | 2026-03-23T15:59:08.921535Z 0 [System] [MY-015015] [Server] MySQL Server - start.
financedb  | 2026-03-23T15:59:09.087403Z 0 [System] [MY-010116] [Server] /usr/sbin/mysqld (mysqld 8.4.8) starting as process 1
financedb  | 2026-03-23T15:59:09.095008Z 1 [System] [MY-013576] [InnoDB] InnoDB initialization has started.
financedb  | 2026-03-23T15:59:09.172892Z 1 [System] [MY-013577] [InnoDB] InnoDB initialization has ended.
financedb  | 2026-03-23T15:59:09.315655Z 0 [Warning] [MY-010068] [Server] CA certificate ca.pem is self signed.
financedb  | 2026-03-23T15:59:09.315681Z 0 [System] [MY-013602] [Server] Channel mysql_main configured to support TLS. Encrypted connections are now supported for this channel.
financedb  | 2026-03-23T15:59:09.317110Z 0 [Warning] [MY-011810] [Server] Insecure configuration for --pid-file: Location '/var/run/mysqld' in the path is accessible to all OS users. Consider choosing a different directory.
financedb  | 2026-03-23T15:59:09.329676Z 0 [System] [MY-011323] [Server] X Plugin ready for connections. Bind-address: '::' port: 33060, socket: /var/run/mysqld/mysqlx.sock
financedb  | 2026-03-23T15:59:09.329702Z 0 [System] [MY-010931] [Server] /usr/sbin/mysqld: ready for connections. Version: '8.4.8'  socket: '/var/run/mysqld/mysqld.sock'  port: 3306  MySQL Community Server - GPL.
financedb  | 2026-03-23T16:05:46.853735Z 0 [System] [MY-013172] [Server] Received SHUTDOWN from user <via user signal>. Shutting down mysqld (Version: 8.4.8).
financedb  | 2026-03-23T16:05:48.019465Z 0 [System] [MY-010910] [Server] /usr/sbin/mysqld: Shutdown complete (mysqld 8.4.8)  MySQL Community Server - GPL.
financedb  | 2026-03-23T16:05:48.019488Z 0 [System] [MY-015016] [Server] MySQL Server - end.
[Kfinancedb exited with code 0
